48 32
~~~~~~~~~~~~~~~~~~~~~~~~~~~~~~~~~~~~~~~~~~~~~~~~
~..............................................~
~.~~~~~~~~~~~~~~~~~............................~
~.~~~~~~~~~~~~~~~~~............................~
~.~~...~~~~~~~~~~~~............................~
~.~~...~~~~~~~~~~~~............................~
~.~~...~~~~~~~~~~~~............................~
~.~~~~~~~~~~~~~~~~~............................~
~.~~~~~~.......~~~~............................~
~.~~~~~~.......~~~~............................~
~.~~~~~~.......~~~~............................~
~.~~~~~~.......~~~~............................~
~.~~~~~~.......~~~~............................~
~.~~~~~~.......~~~~............................~
~.~~~~~~~~~~...~~~~............................~
~.~~~~~~~~~~...~~~~............................~
~.~~~~~~~~~~...~~~~............................~
~.~~~~~~~~~~...~~~~............................~
~.~~~~~~~~~~...~~~~............................~
~.~~~~~~~~~~...~~~~............................~
~..............................................~
~..............................................~
~................................,,,...........~
~..........................,,,,,..S............~
~..........................,S,,..E,W...........~
~..........................,EHW...N............~
~..........................,N,,..,,,...........~
~..........................,,,,,...............~
~..............................................~
~..............................................~
~..............................................~
~~~~~~~~~~~~~~~~~~~~~~~~~~~~~~~~~~~~~~~~~~~~~~~~
