64 64
~~~~~~~~~~~~~~~~~~~~~~~~~~~~~~~~~~~~~~~~~~~~~~~~~~~~~~~~~~~~~~~~
~~~~~~~~~~~~~~~~~~~~~~~~~~~~~~~~~~~~~~~~~~~~~~~~~~~~~~~~~~~~~~~~
~~~~~~~~~~~~~~~~~~~~~~~~~~~~~~~~~~~~~~~~~~~~~~~~~~~~~~~~~~~~~~~~
~~~~~~~~~~~~~~~~~~~~~~~~~~~~~~~~~~~~~~~~~~~~~~~~~~~~~~~~~~~~~~~~
~~~~~~~~~~~~~~~~~~~~~~~~~~~~~~~~~~~~~~~~~~~~~~~~~~~~~~~~~~~~~~~~
~~~~~~~~........................................................
~~~~~~~~........................................................
~~~~~~~~.................~~~~~~.................................
~~~~~~~~................~~~~~~~~................................
~~~~~~~~................~~~~~~~~................................
~~~~~~~~.................~~~~~~.................................
~~~~~~~~........................................................
~~~~~~~~........................................................
~~~~~~~~........................................................
~~~~~~~~........................................................
~~~~~~~~........................................................
~~~~~~~~........................................................
~~~~~~~~........................................................
~~~~~~~~..........,,,,,,........................................
~~~~~~~~...........,,,,,........................................
~~~~~~~~............,,,,........................................
~~~~~~~~........................................................
~~~~~~~~........................................................
~~~~~~~~........................S...............................
~~~~~~~~.......................EHW..............................
~~~~~~~~........................N...............................
~~~~~~~~........................................................
~~~~~~~~.......................,,,,,,...........................
~~~~~~~~......................,,,,,,,..................^^^......
~~~~~~~~.......................,,,,,,..................^^^^.....
~~~~~~~~........................................^^^^^^^.^^^^....
~~~~~~~~.......................................^^^^^^^^^^.^^^...
~~~~~~~~.......................................^^^^^^^^^^.^^^^..
~~~~~~~~.......................................^^^^^^^^^^^.^^^^.
~~~~~~~~......................................^^^^^^^^^^^^.^^^^.
~~~~~~~~......................................^^^^^^^^^^^^^^^.^^
~~~~~~~~........,,,,,.........................^^^^^^^^^^^^^^^^.^
~~~~~~~~.........,,,,,,.......................^^^^^^^^^^^^^^^^^.
~~~~~~~~......................................^^^^^^^^^^^^^^^^^^
~~~~~~~~.......................................^^^^^^^^^^^^^^^^^
~~~~~~~~.......................................^^^^^^^^^^^^^^^^^
~~~~~~~~........................................^^^^^^^^^^^^^^^^
~~~~~~~~........................................^^^^^^^^^^^^^^^^
~~~~~~~~.........................................^^^^^^^^^^^^^^^
~~~~~~~~.........................................^^^^^^^^^^^^^^^
~~~~~~~~.........................................^^^^^^^^^^^^^^^
~~~~~~~~..........................................^^^^^^^^^^^^^^
~~~~~~~~..........................................^^^^^^^^^^^^^^
~~~~~~~~..........................................^^^^^^^^^^^^^^
~~~~~~~~...........................................^^^^^^^^^^^^^
~~~~~~~~...........................................^^^^^^^^^^^^^
~~~~~~~~...........................................^^^^^^^^^^^^^
~~~~~~~~............................................^^^^^^^^^^^^
~~~~~~~~............................................^^^^^^^^^^^^
~~~~~~~~.............................................^^^^^^^^^^^
~~~~~~~~.............................................^^^^^^^^^^^
~~~~~~~~.............................................^^^^^^^^^^^
~~~~~~~~..............................................^^^^^^^^^^
~~~~~~~~..............................................^^^^^^^^^^
~~~~~~~~..............................................^^^^^^^^^^
~~~~~~~~...............................................^^^^^^^^^
~~~~~~~~...............................................^^^^^^^^^
~~~~~~~~...............................................^^^^^^^^^
~~~~~~~~...............................................^^^^^^^^^
